[bankhar.mn/shopse/demos/index-2.html]
[bankhar.mn/shopse/demos/img/favicon.png]
[backblue.gif]
[fade.gif]
[index.html]
[bankhar.mn/shopse/demos/css/owl.carousel.min.css]
[bankhar.mn/shopse/demos/css/bootstrap.min.css]
[bankhar.mn/shopse/demos/css/animate.min.css]
[bankhar.mn/shopse/demos/css/magnific-popup.css]
[bankhar.mn/shopse/demos/css/fontawesome-all.min.css]
[bankhar.mn/shopse/demos/css/themify-icons.css]
[bankhar.mn/shopse/demos/css/icon-font.css]
[bankhar.mn/shopse/demos/css/meanmenu.css]
[bankhar.mn/shopse/demos/css/slick.css]
[bankhar.mn/shopse/demos/css/default.css]
[bankhar.mn/shopse/demos/css/style.css]
[bankhar.mn/shopse/demos/css/responsive.css]
[bankhar.mn/shopse/demos/img/logo/logo.png]
[bankhar.mn/shopse/demos/index.html]
[bankhar.mn/shopse/demos/img/cart/cart1.jpg]
[bankhar.mn/shopse/demos/login.html]
[bankhar.mn/shopse/demos/product-details.html]
[bankhar.mn/shopse/demos/img/cart/cart2.jpg]
[bankhar.mn/shopse/demos/img/cart/cart3.jpg]
[bankhar.mn/shopse/demos/cart.html]
[bankhar.mn/shopse/demos/checkout.html]
[bankhar.mn/shopse/demos/shop-sidebar.html]
[bankhar.mn/shopse/demos/index-3.html]
[bankhar.mn/shopse/demos/index-4.html]
[bankhar.mn/shopse/demos/index-5.html]
[bankhar.mn/shopse/demos/index-6.html]
[bankhar.mn/shopse/demos/index-7.html]
[bankhar.mn/shopse/demos/index-8.html]
[bankhar.mn/shopse/demos/index-9.html]
[bankhar.mn/shopse/demos/index-10.html]
[bankhar.mn/shopse/demos/index-11.html]
[bankhar.mn/shopse/demos/index-12.html]
[bankhar.mn/shopse/demos/index-14.html]
[bankhar.mn/shopse/demos/index-13.html]
[bankhar.mn/shopse/demos/index-15.html]
[bankhar.mn/shopse/demos/index-16.html]
[bankhar.mn/shopse/demos/index-17.html]
[bankhar.mn/shopse/demos/index-18.html]
[bankhar.mn/shopse/demos/index-20.html]
[bankhar.mn/shopse/demos/index-21.html]
[bankhar.mn/shopse/demos/index-22.html]
[bankhar.mn/shopse/demos/index-23.html]
[bankhar.mn/shopse/demos/index-24.html]
[bankhar.mn/shopse/demos/index-19.html]
[bankhar.mn/shopse/demos/index-25.html]
[bankhar.mn/shopse/demos/index-26.html]
[bankhar.mn/shopse/demos/index-27.html]
[bankhar.mn/shopse/demos/index-28.html]
[bankhar.mn/shopse/demos/index-29.html]
[bankhar.mn/shopse/demos/index-onepage1.html]
[bankhar.mn/shopse/demos/index-onepage2.html]
[bankhar.mn/shopse/demos/index-onepage3.html]
[bankhar.mn/shopse/demos/shop.html]
[bankhar.mn/shopse/demos/shop-full.html]
[bankhar.mn/shopse/demos/shop-list.html]
[bankhar.mn/shopse/demos/shop-right-sidebar.html]
[bankhar.mn/shopse/demos/wishlist.html]
[bankhar.mn/shopse/demos/vendor-product.html]
[bankhar.mn/shopse/demos/slide-banner.html]
[bankhar.mn/shopse/demos/product-group.html]
[bankhar.mn/shopse/demos/product-thumb-left.html]
[bankhar.mn/shopse/demos/product-thumb-right.html]
[bankhar.mn/shopse/demos/blog-right-sidebar.html]
[bankhar.mn/shopse/demos/blog-2-col.html]
[bankhar.mn/shopse/demos/blog-3-col.html]
[bankhar.mn/shopse/demos/blog-left-sidebar.html]
[bankhar.mn/shopse/demos/blog-no-sidebar.html]
[bankhar.mn/shopse/demos/blog-details.html]
[bankhar.mn/shopse/demos/blog-details-left-sidebar.html]
[bankhar.mn/shopse/demos/blog-details-no-sidebar.html]
[bankhar.mn/shopse/demos/about.html]
[bankhar.mn/shopse/demos/contact.html]
[bankhar.mn/shopse/demos/img/slider/slide7.jpg]
[bankhar.mn/shopse/demos/vendor.html]
[bankhar.mn/shopse/demos/img/slider/slide8.jpg]
[bankhar.mn/shopse/demos/img/slider/slide9.jpg]
[bankhar.mn/shopse/demos/img/product/product1.jpg]
[bankhar.mn/shopse/demos/img/product/product2.jpg]
[bankhar.mn/shopse/demos/img/product/product3.jpg]
[bankhar.mn/shopse/demos/img/product/product4.jpg]
[bankhar.mn/shopse/demos/img/product/product5.jpg]
[bankhar.mn/shopse/demos/img/product/product6.jpg]
[bankhar.mn/shopse/demos/img/product/product7.jpg]
[bankhar.mn/shopse/demos/img/product/product8.jpg]
[bankhar.mn/shopse/demos/img/product/product9.jpg]
[bankhar.mn/shopse/demos/img/product/product10.jpg]
[bankhar.mn/shopse/demos/img/banner/style3/banner1.jpg]
[bankhar.mn/shopse/demos/img/banner/style3/banner2.jpg]
[bankhar.mn/shopse/demos/img/banner/style3/banner3.jpg]
[bankhar.mn/shopse/demos/img/blog/blog1.jpg]
[bankhar.mn/shopse/demos/img/blog/blog2.jpg]
[bankhar.mn/shopse/demos/img/blog/blog3.jpg]
[bankhar.mn/shopse/demos/img/blog/blog4.jpg]
[bankhar.mn/shopse/demos/img/brand/brand1.png]
[bankhar.mn/shopse/demos/img/brand/brand2.png]
[bankhar.mn/shopse/demos/img/brand/brand3.png]
[bankhar.mn/shopse/demos/img/brand/brand4.png]
[bankhar.mn/shopse/demos/img/brand/brand5.png]
[bankhar.mn/shopse/demos/img/logo/logo-footer.png]
[bankhar.mn/shopse/demos/img/carts/1.png]
[bankhar.mn/shopse/demos/img/carts/2.png]
[bankhar.mn/shopse/demos/img/carts/3.png]
[bankhar.mn/shopse/demos/img/carts/4.png]
[bankhar.mn/shopse/demos/js/vendor/modernizr-3.5.0.min.js]
[bankhar.mn/shopse/demos/js/popper.min.js]
[bankhar.mn/shopse/demos/js/bootstrap.min.js]
[bankhar.mn/shopse/demos/js/owl.carousel.min.js]
[bankhar.mn/shopse/demos/js/one-page-nav-min.js]
[bankhar.mn/shopse/demos/js/vendor/jquery-1.12.4.min.js]
[bankhar.mn/shopse/demos/js/ajax-form.js]
[bankhar.mn/shopse/demos/js/isotope.pkgd.min.js]
[bankhar.mn/shopse/demos/js/jquery.scrollUp.min.js]
[bankhar.mn/shopse/demos/js/wow.min.js]
[bankhar.mn/shopse/demos/js/slick.min.js]
[bankhar.mn/shopse/demos/js/imagesloaded.pkgd.min.js]
[bankhar.mn/shopse/demos/index-2.html]
[bankhar.mn/shopse/demos/js/plugins.js]
[bankhar.mn/shopse/demos/css/bootstrap.min.css]
[bankhar.mn/shopse/demos/js/jquery.magnific-popup.min.js]
[bankhar.mn/shopse/demos/js/main.js]
[bankhar.mn/shopse/demos/js/jquery-ui.js]
[bankhar.mn/shopse/demos/css/owl.carousel.min.css]
[bankhar.mn/shopse/demos/css/animate.min.css]
[bankhar.mn/shopse/demos/css/magnific-popup.css]
[bankhar.mn/shopse/demos/fonts/fa-brands-400.eot]
[bankhar.mn/shopse/demos/fonts/fa-brands-400d41dd41d.eot]
[bankhar.mn/shopse/demos/fonts/fa-brands-400.woff]
[bankhar.mn/shopse/demos/fonts/fa-regular-400.eot]
[bankhar.mn/shopse/demos/fonts/fa-regular-400d41dd41d.eot]
[bankhar.mn/shopse/demos/fonts/fa-regular-400.woff]
[bankhar.mn/shopse/demos/fonts/fa-regular-400.html]
[bankhar.mn/shopse/demos/fonts/fa-solid-900.eot]
[bankhar.mn/shopse/demos/fonts/fa-solid-900d41dd41d.eot]
[bankhar.mn/shopse/demos/fonts/fa-solid-900.woff]
[bankhar.mn/shopse/demos/fonts/fa-solid-900.html]
[bankhar.mn/shopse/demos/css/fontawesome-all.min.css]
[bankhar.mn/shopse/demos/fonts/themify9f249f24.eot]
[bankhar.mn/shopse/demos/fonts/fa-solid-901.html]
[bankhar.mn/shopse/demos/fonts/themifyd41dd41d.eot]
[bankhar.mn/shopse/demos/fonts/themify9f249f24.woff]
[bankhar.mn/shopse/demos/css/themify-icons.css]
[bankhar.mn/shopse/demos/fonts/iconfont/iconfont8b658b65.ttf]
[bankhar.mn/shopse/demos/fonts/iconfont/iconfont8b658b65.woff]
[bankhar.mn/shopse/demos/css/icon-font.css]
[bankhar.mn/shopse/demos/css/meanmenu.css]
[bankhar.mn/shopse/demos/css/slick.css]
[bankhar.mn/shopse/demos/img/pattern.png]
[bankhar.mn/shopse/demos/css/default.css]
[bankhar.mn/shopse/demos/img/icon/line-white.png]
[bankhar.mn/shopse/demos/img/slider/slide-18.jpg]
[bankhar.mn/shopse/demos/img/slider/slide27.jpg]
[bankhar.mn/shopse/demos/img/bg/6.jpg]
[bankhar.mn/shopse/demos/img/preloder.gif]
[bankhar.mn/shopse/demos/css/style.css]
[bankhar.mn/shopse/demos/css/responsive.css]
[bankhar.mn/shopse/demos/img/en.gif]
[bankhar.mn/shopse/demos/img/fr.gif]
[bankhar.mn/shopse/demos/img/slider/slide3.jpg]
[bankhar.mn/shopse/demos/img/slider/slide4.jpg]
[bankhar.mn/shopse/demos/img/slider/slide5.jpg]
[bankhar.mn/shopse/demos/img/banner/style2/banner1.jpg]
[bankhar.mn/shopse/demos/img/banner/style2/banner2.jpg]
[bankhar.mn/shopse/demos/img/banner/style2/banner3.jpg]
[bankhar.mn/shopse/demos/img/banner/style2/banner4.jpg]
[bankhar.mn/shopse/demos/img/product/woman-1.jpg]
[bankhar.mn/shopse/demos/img/product/woman-2.jpg]
[bankhar.mn/shopse/demos/img/product/woman-3.jpg]
[bankhar.mn/shopse/demos/img/team/team1.jpg]
[bankhar.mn/shopse/demos/img/team/team2.jpg]
[bankhar.mn/shopse/demos/index.html]
[bankhar.mn/shopse/demos/login.html]
[bankhar.mn/shopse/demos/css/nice-select.css]
[bankhar.mn/shopse/demos/img/product/product-3/product1.jpg]
[bankhar.mn/shopse/demos/img/product/product-3/product2.jpg]
[bankhar.mn/shopse/demos/img/product/product-3/product3.jpg]
[bankhar.mn/shopse/demos/img/product/details/sm1.jpg]
[bankhar.mn/shopse/demos/img/product/details/sm2.jpg]
[bankhar.mn/shopse/demos/img/product/details/sm3.jpg]
[bankhar.mn/shopse/demos/img/product/comments/01.png]
[bankhar.mn/shopse/demos/img/product/comments/02.png]
[bankhar.mn/shopse/demos/product-details.html]
[bankhar.mn/shopse/demos/img/product/cart/cart1.jpg]
[bankhar.mn/shopse/demos/img/product/cart/cart2.jpg]
[bankhar.mn/shopse/demos/cart.html]
[bankhar.mn/shopse/demos/checkout.html]
[bankhar.mn/shopse/demos/img/product/sidebar/pro-sidebar-1.jpg]
[bankhar.mn/shopse/demos/css/jquery-ui.css]
[bankhar.mn/shopse/demos/img/product/sidebar/pro-sidebar-2.jpg]
[bankhar.mn/shopse/demos/img/product/sidebar/pro-sidebar-3.jpg]
[bankhar.mn/shopse/demos/img/product/sidebar/pro-sidebar-4.jpg]
[bankhar.mn/shopse/demos/img/banner/banner.jpg]
[bankhar.mn/shopse/demos/img/product/product-3/product4.jpg]
[bankhar.mn/shopse/demos/img/product/product-3/product5.jpg]
[bankhar.mn/shopse/demos/img/product/product-3/product6.jpg]
[bankhar.mn/shopse/demos/img/product/product-3/product7.jpg]
[bankhar.mn/shopse/demos/img/product/product-3/product8.jpg]
[bankhar.mn/shopse/demos/img/product/product-3/product9.jpg]
[bankhar.mn/shopse/demos/img/product/product-3/product10.jpg]
[bankhar.mn/shopse/demos/shop-sidebar.html]
[bankhar.mn/shopse/demos/img/instagram/sm1.jpg]
[bankhar.mn/shopse/demos/img/instagram/sm2.jpg]
[bankhar.mn/shopse/demos/img/instagram/sm3.jpg]
[bankhar.mn/shopse/demos/img/instagram/sm4.jpg]
[bankhar.mn/shopse/demos/img/instagram/sm5.jpg]
[bankhar.mn/shopse/demos/img/instagram/sm6.jpg]
[bankhar.mn/shopse/demos/index-3.html]
[bankhar.mn/shopse/demos/img/slider/slide1.jpg]
[bankhar.mn/shopse/demos/img/slider/slide2.jpg]
[bankhar.mn/shopse/demos/img/product/product-4/1.jpg]
[bankhar.mn/shopse/demos/img/product/product-4/2.jpg]
[bankhar.mn/shopse/demos/img/product/product-4/3.jpg]
[bankhar.mn/shopse/demos/img/product/product-4/4.jpg]
[bankhar.mn/shopse/demos/img/product/product-4/5.jpg]
[bankhar.mn/shopse/demos/img/product/product-4/6.jpg]
[bankhar.mn/shopse/demos/img/product/product-4/7.jpg]
[bankhar.mn/shopse/demos/img/product/product-4/8.jpg]
[bankhar.mn/shopse/demos/index-4.html]
[bankhar.mn/shopse/demos/img/slider/slide10.jpg]
[bankhar.mn/shopse/demos/img/slider/slide11.jpg]
[bankhar.mn/shopse/demos/img/banner/style5/banner1.jpg]
[bankhar.mn/shopse/demos/img/product/sidebar/1.jpg]
[bankhar.mn/shopse/demos/img/product/sidebar/2.jpg]
[bankhar.mn/shopse/demos/img/product/sidebar/3.jpg]
[bankhar.mn/shopse/demos/img/product/sidebar/4.jpg]
[bankhar.mn/shopse/demos/img/product/sidebar/5.jpg]
[bankhar.mn/shopse/demos/img/product/sidebar/6.jpg]
[bankhar.mn/shopse/demos/img/product/sidebar/7.jpg]
[bankhar.mn/shopse/demos/img/product/sidebar/8.jpg]
[bankhar.mn/shopse/demos/img/product/sidebar/9.jpg]
[bankhar.mn/shopse/demos/img/product/sidebar/10.jpg]
[bankhar.mn/shopse/demos/img/product/sidebar/11.jpg]
[bankhar.mn/shopse/demos/img/product/sidebar/12.jpg]
[bankhar.mn/shopse/demos/index-5.html]
[bankhar.mn/shopse/demos/css/countdown.css]
[bankhar.mn/shopse/demos/img/slider/slide12.jpg]
[bankhar.mn/shopse/demos/img/slider/slide13.jpg]
[bankhar.mn/shopse/demos/img/product/product-6/1.jpg]
[bankhar.mn/shopse/demos/img/product/product-6/2.jpg]
[bankhar.mn/shopse/demos/img/product/product-6/4.jpg]
[bankhar.mn/shopse/demos/img/product/product-6/5.jpg]
[bankhar.mn/shopse/demos/img/product/product-6/3.jpg]
[bankhar.mn/shopse/demos/img/product/product-6/6.jpg]
[bankhar.mn/shopse/demos/img/product/product-6/7.jpg]
[bankhar.mn/shopse/demos/img/product/product-6/8.jpg]
[bankhar.mn/shopse/demos/img/product/product-6/9.jpg]
[bankhar.mn/shopse/demos/img/product/product-6/10.png]
[bankhar.mn/shopse/demos/js/jquery.plugin.js]
[bankhar.mn/shopse/demos/js/jquery.countdown.js]
[bankhar.mn/shopse/demos/js/vendor/counterdown.js]
[bankhar.mn/shopse/demos/index-6.html]
[bankhar.mn/shopse/demos/img/product/product-7/1.png]
[bankhar.mn/shopse/demos/img/product/product-7/2.png]
[bankhar.mn/shopse/demos/img/product/product-6/11.png]
[bankhar.mn/shopse/demos/img/product/product-6/12.png]
[bankhar.mn/shopse/demos/img/product/sidebar/13.jpg]
[bankhar.mn/shopse/demos/img/product/sidebar/14.jpg]
[bankhar.mn/shopse/demos/img/product/sidebar/15.jpg]
[bankhar.mn/shopse/demos/img/product/sidebar/16.jpg]
[bankhar.mn/shopse/demos/index-7.html]
[bankhar.mn/shopse/demos/img/banner/style8/banner1.jpg]
[bankhar.mn/shopse/demos/img/banner/style8/banner2.jpg]
[bankhar.mn/shopse/demos/img/banner/style8/banner3.jpg]
[bankhar.mn/shopse/demos/index-8.html]
[bankhar.mn/shopse/demos/img/portfolio/1.jpg]
[bankhar.mn/shopse/demos/img/portfolio/2.jpg]
[bankhar.mn/shopse/demos/img/portfolio/3.jpg]
[bankhar.mn/shopse/demos/img/portfolio/4.jpg]
[bankhar.mn/shopse/demos/img/portfolio/5.jpg]
[bankhar.mn/shopse/demos/img/portfolio/6.jpg]
[bankhar.mn/shopse/demos/img/portfolio/7.jpg]
[bankhar.mn/shopse/demos/img/product/product-9/1.jpg]
[bankhar.mn/shopse/demos/img/product/product-9/2.jpg]
[bankhar.mn/shopse/demos/img/product/product-9/3.jpg]
[bankhar.mn/shopse/demos/img/product/product-9/4.jpg]
[bankhar.mn/shopse/demos/img/product/product-9/7.jpg]
[bankhar.mn/shopse/demos/img/product/product-9/5.jpg]
[bankhar.mn/shopse/demos/img/product/product-9/8.jpg]
[bankhar.mn/shopse/demos/img/product/product-9/6.jpg]
[bankhar.mn/shopse/demos/img/product/product-9/9.jpg]
[bankhar.mn/shopse/demos/js/vendor/universal-tilt.babel.min.js]
[bankhar.mn/shopse/demos/js/vendor/prism.js]
[bankhar.mn/shopse/demos/js/vendor/script.js]
[bankhar.mn/shopse/demos/index-9.html]
[bankhar.mn/shopse/demos/img/slider/slide14.jpg]
[bankhar.mn/shopse/demos/img/product/product-1/1.jpg]
[bankhar.mn/shopse/demos/img/product/product-1/2.jpg]
[bankhar.mn/shopse/demos/index-10.html]
[bankhar.mn/shopse/demos/css/components/sideNavi.css]
[bankhar.mn/shopse/demos/css/components/jquery.fullpage.min.css]
[bankhar.mn/shopse/demos/css/components/navbar-menu.css]
[bankhar.mn/shopse/demos/img/slider/slide15.jpg]
[bankhar.mn/shopse/demos/img/slider/slide16.jpg]
[bankhar.mn/shopse/demos/img/slider/slide17.jpg]
[bankhar.mn/shopse/demos/js/vendor/navbar-menu.js]
[bankhar.mn/shopse/demos/js/vendor/jquery.fullpage.min.js]
[bankhar.mn/shopse/demos/js/vendor/SideNav.js]
[bankhar.mn/shopse/demos/index-11.html]
[bankhar.mn/shopse/demos/js/vendor/sliderAnimate.js]
[bankhar.mn/shopse/demos/css/components/reset.min.css]
[bankhar.mn/shopse/demos/js/vendor/TweenMax.min.js]
[cdnjs.cloudflare.com/ajax/libs/simple-line-icons/2.4.1/css/simple-line-icons.min.css]
[bankhar.mn/shopse/demos/css/components/split-slider.css]
[bankhar.mn/shopse/demos/img/portfolio/8.jpg]
[bankhar.mn/shopse/demos/img/portfolio/9.jpg]
[bankhar.mn/shopse/demos/img/portfolio/10.jpg]
[bankhar.mn/shopse/demos/js/vendor/split-slider.js]
[bankhar.mn/shopse/demos/index-12.html]
[bankhar.mn/shopse/demos/img/product/product-2/1.jpg]
[bankhar.mn/shopse/demos/img/product/product-2/2.jpg]
[bankhar.mn/shopse/demos/img/product/product-2/3.jpg]
[bankhar.mn/shopse/demos/img/product/product-2/4.jpg]
[bankhar.mn/shopse/demos/img/product/product-2/5.jpg]
[bankhar.mn/shopse/demos/index-13.html]
[bankhar.mn/shopse/demos/css/video-popup.css]
[bankhar.mn/shopse/demos/img/bg/1.jpg]
[bankhar.mn/shopse/demos/img/bg/2.jpg]
[bankhar.mn/shopse/demos/js/video-popup.jquery.js]
[bankhar.mn/shopse/demos/index-14.html]
[bankhar.mn/shopse/demos/js/vendor/popupVideo.js]
[bankhar.mn/shopse/demos/img/slider/slide-15.jpg]
[bankhar.mn/shopse/demos/img/slider/slide-16.jpg]
[bankhar.mn/shopse/demos/img/product/e-01.jpg]
[bankhar.mn/shopse/demos/img/product/e-02.jpg]
[bankhar.mn/shopse/demos/img/product/e-03.jpg]
[bankhar.mn/shopse/demos/img/product/e-04.jpg]
[bankhar.mn/shopse/demos/img/banner/style7/banner1.jpg]
[bankhar.mn/shopse/demos/img/banner/style7/banner2.jpg]
[bankhar.mn/shopse/demos/img/banner/style7/banner3.jpg]
[bankhar.mn/shopse/demos/img/banner/style7/banner4.jpg]
[bankhar.mn/shopse/demos/index-15.html]
[bankhar.mn/shopse/demos/img/banner/style4/banner1.jpg]
[bankhar.mn/shopse/demos/img/banner/style4/banner2.jpg]
[bankhar.mn/shopse/demos/img/banner/style4/banner3.jpg]
[bankhar.mn/shopse/demos/img/banner/style4/banner4.jpg]
[bankhar.mn/shopse/demos/img/portfolio/11.jpg]
[bankhar.mn/shopse/demos/img/portfolio/12.jpg]
[bankhar.mn/shopse/demos/img/portfolio/13.jpg]
[bankhar.mn/shopse/demos/img/portfolio/14.jpg]
[bankhar.mn/shopse/demos/img/portfolio/15.jpg]
[bankhar.mn/shopse/demos/img/product/product11.png]
[bankhar.mn/shopse/demos/index-16.html]
[bankhar.mn/shopse/demos/img/portfolio/16.jpg]
[bankhar.mn/shopse/demos/img/portfolio/17.jpg]
[bankhar.mn/shopse/demos/img/portfolio/18.jpg]
[bankhar.mn/shopse/demos/img/portfolio/19.jpg]
[bankhar.mn/shopse/demos/index-17.html]
[bankhar.mn/shopse/demos/index-18.html]
[bankhar.mn/shopse/demos/img/portfolio/20.jpg]
[bankhar.mn/shopse/demos/img/portfolio/21.jpg]
[bankhar.mn/shopse/demos/img/portfolio/22.jpg]
[bankhar.mn/shopse/demos/img/portfolio/23.jpg]
[bankhar.mn/shopse/demos/img/portfolio/24.jpg]
[bankhar.mn/shopse/demos/img/portfolio/25.jpg]
[bankhar.mn/shopse/demos/index-19.html]
[bankhar.mn/shopse/demos/img/slider/slide20.jpg]
[bankhar.mn/shopse/demos/img/slider/slide21.jpg]
[bankhar.mn/shopse/demos/img/slider/slide22.jpg]
[bankhar.mn/shopse/demos/img/slider/slide23.jpg]
[bankhar.mn/shopse/demos/js/vendor/arparallax.min.js]
[bankhar.mn/shopse/demos/index-20.html]
[bankhar.mn/shopse/demos/img/slider/slide24.jpg]
[bankhar.mn/shopse/demos/img/slider/slide25.jpg]
[bankhar.mn/shopse/demos/img/banner/banner-sidebar-2.jpg]
[bankhar.mn/shopse/demos/img/blog/comments/comments2.png]
[bankhar.mn/shopse/demos/img/blog/comments/comments3.png]
[bankhar.mn/shopse/demos/img/banner/style6/banner1.jpg]
[bankhar.mn/shopse/demos/img/banner/style6/banner2.jpg]
[bankhar.mn/shopse/demos/img/banner/style6/banner3.jpg]
[bankhar.mn/shopse/demos/index-21.html]
[bankhar.mn/shopse/demos/index-22.html]
[bankhar.mn/shopse/demos/img/banner/style5/banner2.jpg]
[bankhar.mn/shopse/demos/index-23.html]
[bankhar.mn/shopse/demos/img/slider/slide26.jpg]
[bankhar.mn/shopse/demos/img/banner/style5/banner3.jpg]
[bankhar.mn/shopse/demos/index-24.html]
[bankhar.mn/shopse/demos/index-25.html]
[bankhar.mn/shopse/demos/index-26.html]
[bankhar.mn/shopse/demos/img/instagram/01.jpg]
[bankhar.mn/shopse/demos/img/instagram/02.jpg]
[bankhar.mn/shopse/demos/img/instagram/03.jpg]
[bankhar.mn/shopse/demos/img/instagram/04.jpg]
[bankhar.mn/shopse/demos/img/instagram/05.jpg]
[bankhar.mn/shopse/demos/img/instagram/06.jpg]
[bankhar.mn/shopse/demos/index-27.html]
[bankhar.mn/shopse/demos/img/product/product-8/1.png]
[bankhar.mn/shopse/demos/img/product/product-8/2.png]
[bankhar.mn/shopse/demos/img/product/product-8/3.png]
[bankhar.mn/shopse/demos/img/product/product-8/4.png]
[bankhar.mn/shopse/demos/img/product/product-8/5.png]
[bankhar.mn/shopse/demos/img/product/product-9/1.png]
[bankhar.mn/shopse/demos/img/product/product-9/2.png]
[bankhar.mn/shopse/demos/img/product/product-9/3.png]
[bankhar.mn/shopse/demos/img/product/product-8/6.png]
[bankhar.mn/shopse/demos/img/product/product-8/7.png]
[bankhar.mn/shopse/demos/img/product/product-8/8.png]
[bankhar.mn/shopse/demos/index-28.html]
[bankhar.mn/shopse/demos/img/slider/slide28.jpg]
[bankhar.mn/shopse/demos/img/slider/slide29.jpg]
[bankhar.mn/shopse/demos/img/banner/banner-2.jpg]
[bankhar.mn/shopse/demos/img/product/sidebar/1.png]
[bankhar.mn/shopse/demos/img/product/sidebar/2.png]
[bankhar.mn/shopse/demos/img/product/sidebar/3.png]
[bankhar.mn/shopse/demos/img/product/sidebar/5.png]
[bankhar.mn/shopse/demos/img/product/sidebar/6.png]
[bankhar.mn/shopse/demos/img/product/sidebar/7.png]
[bankhar.mn/shopse/demos/img/product/sidebar/8.png]
[bankhar.mn/shopse/demos/img/product/sidebar/9.png]
[bankhar.mn/shopse/demos/img/product/sidebar/4.png]
[bankhar.mn/shopse/demos/index-29.html]
[bankhar.mn/shopse/demos/index-onepage1.html]
[bankhar.mn/shopse/demos/index-onepage2.html]
[bankhar.mn/shopse/demos/img/slider/slide30.jpg]
[bankhar.mn/shopse/demos/img/slider/slide31.jpg]
[bankhar.mn/shopse/demos/img/product/fur-1.jpg]
[bankhar.mn/shopse/demos/img/product/fur-2.jpg]
[bankhar.mn/shopse/demos/img/product/fur-11.jpg]
[bankhar.mn/shopse/demos/img/product/fur-4.jpg]
[bankhar.mn/shopse/demos/img/product/fur-12.jpg]
[bankhar.mn/shopse/demos/img/product/fur-6.jpg]
[bankhar.mn/shopse/demos/img/product/fur-9.jpg]
[bankhar.mn/shopse/demos/img/product/fur-7.jpg]
[bankhar.mn/shopse/demos/img/product/fur-13.png]
[bankhar.mn/shopse/demos/img/product/fur-14.png]
[bankhar.mn/shopse/demos/index-onepage3.html]
[bankhar.mn/shopse/demos/shop.html]
[bankhar.mn/shopse/demos/shop-full.html]
[bankhar.mn/shopse/demos/shop-list.html]
[bankhar.mn/shopse/demos/shop-right-sidebar.html]
[bankhar.mn/shopse/demos/img/icon/service1.png]
[bankhar.mn/shopse/demos/img/icon/service2.png]
[bankhar.mn/shopse/demos/img/icon/service3.png]
[bankhar.mn/shopse/demos/wishlist.html]
[bankhar.mn/shopse/demos/img/vendor/vendor.png]
[bankhar.mn/shopse/demos/vendor-product.html]
[bankhar.mn/shopse/demos/slide-banner.html]
[bankhar.mn/shopse/demos/product-group.html]
[bankhar.mn/shopse/demos/product-thumb-left.html]
[bankhar.mn/shopse/demos/product-thumb-right.html]
[bankhar.mn/shopse/demos/img/blog/blog-lg1.jpg]
[bankhar.mn/shopse/demos/img/blog/blog-lg2.jpg]
[bankhar.mn/shopse/demos/img/blog/blog-lg3.jpg]
[bankhar.mn/shopse/demos/img/blog/blog-lg4.jpg]
[bankhar.mn/shopse/demos/img/blog/rcp-1.jpg]
[bankhar.mn/shopse/demos/img/blog/rcp-2.jpg]
[bankhar.mn/shopse/demos/img/blog/rcp-3.jpg]
[bankhar.mn/shopse/demos/img/bg/banner.jpg]
[bankhar.mn/shopse/demos/img/blog/instagram/1.jpg]
[bankhar.mn/shopse/demos/img/blog/instagram/2.jpg]
[bankhar.mn/shopse/demos/img/blog/instagram/3.jpg]
[bankhar.mn/shopse/demos/img/blog/instagram/4.jpg]
[bankhar.mn/shopse/demos/img/blog/instagram/5.jpg]
[bankhar.mn/shopse/demos/img/blog/instagram/6.jpg]
[bankhar.mn/shopse/demos/img/blog/instagram/7.jpg]
[bankhar.mn/shopse/demos/img/blog/instagram/8.jpg]
[bankhar.mn/shopse/demos/img/blog/instagram/9.jpg]
[bankhar.mn/shopse/demos/blog-right-sidebar.html]
[bankhar.mn/shopse/demos/img/blog/blog-lg5.jpg]
[bankhar.mn/shopse/demos/img/blog/blog-lg6.jpg]
[bankhar.mn/shopse/demos/blog-2-col.html]
[bankhar.mn/shopse/demos/img/blog/blog10.jpg]
[bankhar.mn/shopse/demos/img/blog/blog11.jpg]
[bankhar.mn/shopse/demos/blog-3-col.html]
[bankhar.mn/shopse/demos/blog-left-sidebar.html]
[bankhar.mn/shopse/demos/blog-no-sidebar.html]
[bankhar.mn/shopse/demos/img/blog/comments/comments1.png]
[bankhar.mn/shopse/demos/blog-details.html]
[bankhar.mn/shopse/demos/blog-details-left-sidebar.html]
[bankhar.mn/shopse/demos/blog-details-no-sidebar.html]
[bankhar.mn/shopse/demos/img/bg/about.png]
[bankhar.mn/shopse/demos/img/team/team3.jpg]
[bankhar.mn/shopse/demos/img/team/team4.jpg]
[bankhar.mn/shopse/demos/about.html]
[bankhar.mn/shopse/demos/contact.html]
[bankhar.mn/shopse/demos/img/vendor/01.png]
[bankhar.mn/shopse/demos/img/vendor/02.png]
[bankhar.mn/shopse/demos/img/vendor/03.png]
[bankhar.mn/shopse/demos/vendor.html]
[bankhar.mn/shopse/demos/css/owl.video.play.html]
[bankhar.mn/shopse/demos/fonts/fa-brands-400.html]
[bankhar.mn/shopse/demos/fonts/fa-brands-401.html]
[bankhar.mn/shopse/demos/fonts/fa-brands-402.html]
[bankhar.mn/shopse/demos/fonts/fa-regular-400.html]
[bankhar.mn/shopse/demos/fonts/fa-regular-401.html]
[bankhar.mn/shopse/demos/fonts/fa-regular-402.html]
[bankhar.mn/shopse/demos/fonts/fa-solid-900.html]
[bankhar.mn/shopse/demos/fonts/fa-solid-901.html]
[bankhar.mn/shopse/demos/fonts/fa-solid-902.html]
[bankhar.mn/shopse/demos/fonts/themify9f249f24.html]
[bankhar.mn/shopse/demos/fonts/themify9f249f24-2.html]
[bankhar.mn/shopse/demos/fonts/iconfont/iconfont8b658b65.html]
[bankhar.mn/shopse/demos/css/nice-select.css]
[bankhar.mn/shopse/demos/css/jquery-ui.css]
[bankhar.mn/shopse/demos/css/countdown.css]
[bankhar.mn/shopse/demos/css/parallax-hover.css]
[bankhar.mn/shopse/demos/css/components/sideNavi.css]
[bankhar.mn/shopse/demos/css/components/jquery.fullpage.min.css]
[bankhar.mn/shopse/demos/css/components/navbar-menu.css]
[bankhar.mn/shopse/demos/css/components/reset.min.css]
[cdnjs.cloudflare.com/ajax/libs/simple-line-icons/2.4.1/css/simple-line-icons.min.css]
[bankhar.mn/shopse/demos/img/portfolio-bg.png]
[bankhar.mn/shopse/demos/css/components/split-slider.css]
[bankhar.mn/shopse/demos/css/video-popup.css]
[bankhar.mn/shopse/demos/site.html]
[bankhar.mn/shopse/demos/product-simple.html]
[bankhar.mn/shopse/demos/product-variable.html]
[bankhar.mn/shopse/demos/product-external.html]
[bankhar.mn/shopse/demos/css/images/ui-icons_444444_256x240.html]
[bankhar.mn/shopse/demos/css/images/ui-icons_555555_256x240.html]
[bankhar.mn/shopse/demos/css/images/ui-icons_ffffff_256x240.html]
[bankhar.mn/shopse/demos/css/images/ui-icons_777620_256x240.html]
[bankhar.mn/shopse/demos/css/images/ui-icons_cc0000_256x240.html]
[bankhar.mn/shopse/demos/css/images/ui-icons_777777_256x240.html]
[bankhar.mn/shopse/demos/images/close.html]
